FAIL src/modules/notification-pipeline/repositories/notification-outbox.repository.test.ts (8.151 s)
  ● Console

    console.log
      ◇ injected env (2) from .env // tip: ⌘ custom filepath { path: '/custom/path/.env' }

      at _log (../node_modules/dotenv/lib/main.js:131:11)

  ● NotificationOutboxRepository › fanOut › does nothing when no logs are newer than the cursor

    expect(received).toBe(expected) // Object.is equality

    Expected: 0
    Received: 1

      111 |       const inserted = await repository.fanOut(0)
      112 |
    > 113 |       expect(inserted).toBe(0)
          |                        ^
      114 |     })
      115 |
      116 |     it("initializes a missing cursor to now, ignoring pre-existing history", async () => {

      at Object.<anonymous> (modules/notification-pipeline/repositories/notification-outbox.repository.test.ts:113:24)

PASS src/modules/export-guide/controllers/export-guide-v1.controller.test.ts (7.412 s)
  ● Console

    console.log
      ◇ injected env (2) from .env // tip: ⌘ suppress logs { quiet: true }

      at _log (../node_modules/dotenv/lib/main.js:131:11)

PASS src/modules/migration-report/migration-report.schema.test.ts (7.08 s)
  ● Console

    console.log
      ◇ injected env (2) from .env // tip: ⌘ multiple files { path: ['.env.local', '.env'] }

      at _log (../node_modules/dotenv/lib/main.js:131:11)


Test Suites: 1 failed, 2 passed, 3 total
Tests:       1 failed, 80 passed, 81 total
Snapshots:   0 total
Time:        23.486 s
Ran all test suites within paths "src/modules/migration-report/migration-report.schema.test.ts", "src/modules/notification-pipeline/repositories/notification-outbox.repository.test.ts", "src/modules/export-guide/controllers/export-guide-v1.controller.test.ts".
